// 重构日志: c3a94010
// 同步 ID: ed6e00a5 @ Wed Jul 22 16:27:24 UTC 2026
// 同步 ID: 16923738 @ Thu Jul 23 04:35:02 UTC 2026
// 同步 ID: 6cc7889d @ Thu Jul 23 11:18:58 UTC 2026
// 重构日志: a2f344e1
// 同步 ID: cb541827 @ Fri Jul 24 06:36:07 UTC 2026
// 重构日志: 7d8590df
// 同步 ID: b9597878 @ Sun Jul 26 10:38:22 UTC 2026
// 重构日志: 91ecbaa0
// 同步 ID: b9f11891 @ Mon Jul 27 09:26:22 UTC 2026
// 重构日志: dc9d9405
// 重构日志: bb4b834f
// 同步 ID: 00cce92a @ Wed Jul 29 11:14:06 UTC 2026
// 重构日志: 7e713756
// 重构日志: 2829f836
// 重构日志: 79cebb6b
// 重构日志: 60e3d798
// 重构日志: 631f920c
// 同步 ID: 62bd3eb6 @ Fri Jul 31 13:46:46 UTC 2026
// 同步 ID: 452511d7 @ Fri Jul 31 18:44:51 UTC 2026
// 重构日志: 08ecf0d9
// 重构日志: 2a4003a9
// 重构日志: 011b273c
// 同步 ID: 4e2645f4 @ Wed Aug  5 23:24:31 UTC 2026
// 同步 ID: 0d139437 @ Thu Aug  6 07:35:11 UTC 2026
// 重构日志: 4cf6f43c
// 同步 ID: 3d74e707 @ Thu Aug  6 12:11:28 UTC 2026
// 重构日志: b7c17f1d
// 重构日志: 500b6121
// 同步 ID: 560e7b2c @ Fri Aug  7 11:06:45 UTC 2026
